// Jest Snapshot v1, https://goo.gl/fbAQLP

exports[`Character should render component to match snapshot 1`] = `
<section
  className="character-cards"
>
  <article
    className="character-card"
  >
    <img
      alt="image of two star wars silhouettes battling"
      height="30"
      src="character-picture.jpeg"
      width="30"
    />
    <h4
      className="character-name"
    >
      Tom Brady
    </h4>
    <p>
      <span
        className="bold"
      >
        World:
      </span>
       
      CaliSaturn
    </p>
    <p>
      <span
        className="bold"
      >
        Population:
      </span>
       
      1
    </p>
    <p>
      <span
        className="bold"
      >
        Species:
      </span>
       
      Reeses Pieces Species
    </p>
    <p>
      <span
        className="bold"
      >
        Related Films:
      </span>
       
      One
      Two
      Three
    </p>
  </article>
</section>
`;
