// Jest Snapshot v1, https://goo.gl/fbAQLP

exports[`App should create main App component 1`] = `
<main>
  <Route
    exact={true}
    path="/"
    render={[Function]}
  />
  <Route
    exact={true}
    path="/movies"
    render={[Function]}
  />
  <Route
    path="/movies/:movie_id"
    render={[Function]}
  />
</main>
`;
